{
  "info": {
    "_postman_id": "31dcfb4f-574c-4aee-833b-d72fc1f17378",
    "name": "Callback API UAT",
    "description": "Callback API for target modules to identify issues with payloads",
    "schema": "https://schema.getpostman.com/json/collection/v2.1.0/collection.json",
    "_exporter_id": "51580568",
    "_collection_link": "https://go.postman.co/collection/51580568-31dcfb4f-574c-4aee-833b-d72fc1f17378?source=collection_link"
  },
  "item": [
    {
      "name": "event",
      "item": [
        {
          "name": "Send a callback event",
          "request": {
            "method": "POST",
            "header": [
              {
                "key": "X-KRIS-integration-id",
                "value": "NM 101",
                "description": "integration ID"
              },
              {
                "key": "X-KRIS-integration-name",
                "value": "EnrollProvider",
                "description": "integration name"
              },
              {
                "key": "X-KRIS-module-transaction-id",
                "value": "{{$randomUUID}}",
                "description": "(Required) module transaction id"
              },
              {
                "key": "X-KRIS-partner-id",
                "value": "MOD1000101",
                "description": "(Required) parnter id"
              },
              {
                "key": "X-KRIS-partner-name",
                "value": "BMS",
                "description": "(Required) partner name"
              },
              {
                "key": "X-KRIS-SIP-integration-id",
                "value": "{{$randomInt}}",
                "description": "SIP integration id"
              },
              {
                "key": "X-KRIS-SIP-callback-transaction-id",
                "value": "{{$randomInt}}",
                "description": "SIP callback transaction id",
                "disabled": true
              },
              {
                "key": "X-KRIS-related-transaction-id",
                "value": "{{$randomInt}}",
                "description": "Related transaction id",
                "disabled": true
              },
              {
                "key": "X-KRIS-operation",
                "value": "<string>",
                "description": "operation",
                "disabled": true
              },
              {
                "key": "Content-Type",
                "value": "application/json",
                "disabled": true
              },
              {
                "key": "Accept",
                "value": "application/json",
                "disabled": true
              },
              {
                "key": "Authorization",
                "value": "Bearer {{ACCESS_TOKEN}}",
                "type": "text"
              },
              {
                "key": "X-KRIS-created-time",
                "value": "2024-08-09 04:30:20",
                "type": "text"
              }
            ],
            "body": {
              "mode": "raw",
              "raw": "{\n    \"response\": \"Error occurred processing record\",\n    \"sipTransactionID\": \"69a9a71a-aaa3-4c47-88b5-e384f7d51795\",\n   //  \"consumingModuleTransactionId\": \"5ddcb285-3724-4aaf-a0e5-7d141d041e36\",\n    \"targetModuleTransactionId\": \"{{$randomUUID}}\",\n    \"targetPartnerID\": \"MOD01001\",\n    \"targetIntegrationID\": \"BMS\",\n    \"targetPayload\": \"{\\\"provider\\\":{\\\"name\\\":[{\\\"prefix\\\":\\\"Sr\\\",\\\"suffix\\\":\\\"RRT\\\",\\\"lastName\\\":\\\"Messamhiener\\\",\\\"nameType\\\":\\\"legal\\\",\\\"firstName\\\":\\\"Peter\\\",\\\"legalName\\\":\\\"n\\\",\\\"middleName\\\":\\\"Donnafieldlgth50Dnnth50\\\",\\\"nameEndDate\\\":\\\"2016-03-28\\\",\\\"businessName\\\":\\\"Freddie Modzelewski\\\",\\\"nameBeginDate\\\":\\\"2016-03-28\\\",\\\"privateIndicator\\\":\\\"Y\\\"}]}}\"\n    // \"errorMessage\": [\n    //     {\n    //         \"type\": \"Information\",\n    //         \"severity\": \"Error\",\n    //         \"code\": \"1009\",\n    //         \"description\": \"Invalid value [GivenXX] for [nameType] field\",\n    //         \"entity\": {\n    //             \"entity\": \"provider[0].name[0]\",\n    //             \"dataElement\": \"nameType\",\n    //             \"dataElementValue\": \"GivenXX\"\n    //         }\n    //     }\n    // ]\n}",
              "options": {
                "raw": {
                  "headerFamily": "json",
                  "language": "json"
                }
              }
            },
            "url": {
              "raw": "https://sit.api.sip.mmis.hsd.nm.gov/sip/shared-services/callback/v1/event",
              "protocol": "https",
              "host": [
                "sit",
                "api",
                "sip",
                "mmis",
                "hsd",
                "nm",
                "gov"
              ],
              "path": [
                "sip",
                "shared-services",
                "callback",
                "v1",
                "event"
              ]
            },
            "description": "<font size=\"3\">Send a callback event</font> <p> <b>X-KRIS-created-time</b> header value will be the <b> created date time stamp </b> value <p/> <b>X-KRIS-integration-id</b> header will be <b>integration id</b> value <p/> <b>X-KRIS-integration-name</b> header will be <b>integration name</b> value <p/> <b>X-KRIS-module-transaction-id</b> header will be <b>module transaction id</b> value <p/> <b>X-KRIS-partner-id</b> header will be <b>partner id</b> value <p/> <b>X-KRIS-partner-name</b> header will be <b>partner name</b> value <p/> <b>X-KRIS-SIP-integration-id</b> header will be <b>SIP-integration id</b> value <p/> <b>X-KRIS-SIP-callback-transaction-id</b> header will be SIP-callback-transaction id</b> value <p/> <b>X-KRIS-related-transaction-id</b> header will be SIP-related-transaction id</b> value <p/> <b>X-KRIS-operation</b> header will be opeartion value</b> value"
          },
          "response": [
            {
              "name": "OK",
              "originalRequest": {
                "method": "POST",
                "header": [
                  {
                    "key": "X-KRIS-created-time",
                    "value": "6664-06-28 50:58:26",
                    "description": "(Required) created time"
                  },
                  {
                    "key": "X-KRIS-integration-id",
                    "value": "<string>",
                    "description": "integration ID"
                  },
                  {
                    "key": "X-KRIS-integration-name",
                    "value": "<string>",
                    "description": "integration name"
                  },
                  {
                    "key": "X-KRIS-module-transaction-id",
                    "value": "<string>",
                    "description": "(Required) module transaction id"
                  },
                  {
                    "key": "X-KRIS-partner-id",
                    "value": "<string>",
                    "description": "(Required) parnter id"
                  },
                  {
                    "key": "X-KRIS-partner-name",
                    "value": "<string>",
                    "description": "(Required) partner name"
                  },
                  {
                    "key": "X-KRIS-SIP-integration-id",
                    "value": "<string>",
                    "description": "SIP integration id"
                  },
                  {
                    "key": "X-KRIS-SIP-callback-transaction-id",
                    "value": "<string>",
                    "description": "SIP callback transaction id"
                  },
                  {
                    "key": "X-KRIS-related-transaction-id",
                    "value": "<string>",
                    "description": "Related transaction id"
                  },
                  {
                    "key": "X-KRIS-operation",
                    "value": "<string>",
                    "description": "operation"
                  },
                  {
                    "key": "Content-Type",
                    "value": "application/json"
                  },
                  {
                    "key": "Accept",
                    "value": "application/json"
                  },
                  {
                    "key": "Authorization",
                    "value": "<token>",
                    "description": "Added as a part of security scheme: oauth2"
                  }
                ],
                "body": {
                  "mode": "raw",
                  "raw": "{\n  \"response\": \"<string>\",\n  \"sipTransactionID\": \"<string>\",\n  \"consumingModuleTransactionId\": \"<string>\",\n  \"targetModuleTransactionId\": \"<string>\",\n  \"targetPayload\": \"<string>\",\n  \"targetPartnerID\": \"<string>\",\n  \"targetIntegrationID\": \"<string>\",\n  \"errorMessage\": [\n    {\n      \"type\": \"<string>\",\n      \"severity\": \"<string>\",\n      \"code\": \"<string>\",\n      \"description\": \"<string>\",\n      \"entity\": {\n        \"entity\": \"<string>\",\n        \"dataElement\": \"<string>\",\n        \"dataElementValue\": \"<string>\"\n      }\n    },\n    {\n      \"type\": \"<string>\",\n      \"severity\": \"<string>\",\n      \"code\": \"<string>\",\n      \"description\": \"<string>\",\n      \"entity\": {\n        \"entity\": \"<string>\",\n        \"dataElement\": \"<string>\",\n        \"dataElementValue\": \"<string>\"\n      }\n    }\n  ]\n}",
                  "options": {
                    "raw": {
                      "headerFamily": "json",
                      "language": "json"
                    }
                  }
                },
                "url": {
                  "raw": "{{baseUrl}}/event",
                  "host": [
                    "{{baseUrl}}"
                  ],
                  "path": [
                    "event"
                  ]
                }
              },
              "status": "OK",
              "code": 200,
              "_postman_previewlanguage": "json",
              "header": [
                {
                  "key": "Content-Type",
                  "value": "application/json"
                }
              ],
              "cookie": [],
              "body": "{\n  \"responseMessage\": {\n    \"response\": \"<string>\",\n    \"status\": \"<string>\",\n    \"transactionID\": \"<string>\",\n    \"errorMessage\": [\n      {\n        \"type\": \"<string>\",\n        \"severity\": \"<string>\",\n        \"code\": \"<string>\",\n        \"description\": \"<string>\",\n        \"entity\": {\n          \"entity\": \"<string>\",\n          \"dataElement\": \"<string>\",\n          \"dataElementValue\": \"<string>\"\n        }\n      },\n      {\n        \"type\": \"<string>\",\n        \"severity\": \"<string>\",\n        \"code\": \"<string>\",\n        \"description\": \"<string>\",\n        \"entity\": {\n          \"entity\": \"<string>\",\n          \"dataElement\": \"<string>\",\n          \"dataElementValue\": \"<string>\"\n        }\n      }\n    ]\n  }\n}"
            },
            {
              "name": "bad request",
              "originalRequest": {
                "method": "POST",
                "header": [
                  {
                    "key": "X-KRIS-created-time",
                    "value": "6664-06-28 50:58:26",
                    "description": "(Required) created time"
                  },
                  {
                    "key": "X-KRIS-integration-id",
                    "value": "<string>",
                    "description": "integration ID"
                  },
                  {
                    "key": "X-KRIS-integration-name",
                    "value": "<string>",
                    "description": "integration name"
                  },
                  {
                    "key": "X-KRIS-module-transaction-id",
                    "value": "<string>",
                    "description": "(Required) module transaction id"
                  },
                  {
                    "key": "X-KRIS-partner-id",
                    "value": "<string>",
                    "description": "(Required) parnter id"
                  },
                  {
                    "key": "X-KRIS-partner-name",
                    "value": "<string>",
                    "description": "(Required) partner name"
                  },
                  {
                    "key": "X-KRIS-SIP-integration-id",
                    "value": "<string>",
                    "description": "SIP integration id"
                  },
                  {
                    "key": "X-KRIS-SIP-callback-transaction-id",
                    "value": "<string>",
                    "description": "SIP callback transaction id"
                  },
                  {
                    "key": "X-KRIS-related-transaction-id",
                    "value": "<string>",
                    "description": "Related transaction id"
                  },
                  {
                    "key": "X-KRIS-operation",
                    "value": "<string>",
                    "description": "operation"
                  },
                  {
                    "key": "Content-Type",
                    "value": "application/json"
                  },
                  {
                    "key": "Accept",
                    "value": "application/json"
                  },
                  {
                    "key": "Authorization",
                    "value": "<token>",
                    "description": "Added as a part of security scheme: oauth2"
                  }
                ],
                "body": {
                  "mode": "raw",
                  "raw": "{\n  \"response\": \"<string>\",\n  \"sipTransactionID\": \"<string>\",\n  \"consumingModuleTransactionId\": \"<string>\",\n  \"targetModuleTransactionId\": \"<string>\",\n  \"targetPayload\": \"<string>\",\n  \"targetPartnerID\": \"<string>\",\n  \"targetIntegrationID\": \"<string>\",\n  \"errorMessage\": [\n    {\n      \"type\": \"<string>\",\n      \"severity\": \"<string>\",\n      \"code\": \"<string>\",\n      \"description\": \"<string>\",\n      \"entity\": {\n        \"entity\": \"<string>\",\n        \"dataElement\": \"<string>\",\n        \"dataElementValue\": \"<string>\"\n      }\n    },\n    {\n      \"type\": \"<string>\",\n      \"severity\": \"<string>\",\n      \"code\": \"<string>\",\n      \"description\": \"<string>\",\n      \"entity\": {\n        \"entity\": \"<string>\",\n        \"dataElement\": \"<string>\",\n        \"dataElementValue\": \"<string>\"\n      }\n    }\n  ]\n}",
                  "options": {
                    "raw": {
                      "headerFamily": "json",
                      "language": "json"
                    }
                  }
                },
                "url": {
                  "raw": "{{baseUrl}}/event",
                  "host": [
                    "{{baseUrl}}"
                  ],
                  "path": [
                    "event"
                  ]
                }
              },
              "status": "Bad Request",
              "code": 400,
              "_postman_previewlanguage": "json",
              "header": [
                {
                  "key": "Content-Type",
                  "value": "application/json"
                }
              ],
              "cookie": [],
              "body": "{\n  \"responseMessage\": {\n    \"response\": \"<string>\",\n    \"status\": \"<string>\",\n    \"transactionID\": \"<string>\",\n    \"errorMessage\": [\n      {\n        \"type\": \"<string>\",\n        \"severity\": \"<string>\",\n        \"code\": \"<string>\",\n        \"description\": \"<string>\",\n        \"entity\": {\n          \"entity\": \"<string>\",\n          \"dataElement\": \"<string>\",\n          \"dataElementValue\": \"<string>\"\n        }\n      },\n      {\n        \"type\": \"<string>\",\n        \"severity\": \"<string>\",\n        \"code\": \"<string>\",\n        \"description\": \"<string>\",\n        \"entity\": {\n          \"entity\": \"<string>\",\n          \"dataElement\": \"<string>\",\n          \"dataElementValue\": \"<string>\"\n        }\n      }\n    ]\n  }\n}"
            },
            {
              "name": "Forbidden",
              "originalRequest": {
                "method": "POST",
                "header": [
                  {
                    "key": "X-KRIS-created-time",
                    "value": "6664-06-28 50:58:26",
                    "description": "(Required) created time"
                  },
                  {
                    "key": "X-KRIS-integration-id",
                    "value": "<string>",
                    "description": "integration ID"
                  },
                  {
                    "key": "X-KRIS-integration-name",
                    "value": "<string>",
                    "description": "integration name"
                  },
                  {
                    "key": "X-KRIS-module-transaction-id",
                    "value": "<string>",
                    "description": "(Required) module transaction id"
                  },
                  {
                    "key": "X-KRIS-partner-id",
                    "value": "<string>",
                    "description": "(Required) parnter id"
                  },
                  {
                    "key": "X-KRIS-partner-name",
                    "value": "<string>",
                    "description": "(Required) partner name"
                  },
                  {
                    "key": "X-KRIS-SIP-integration-id",
                    "value": "<string>",
                    "description": "SIP integration id"
                  },
                  {
                    "key": "X-KRIS-SIP-callback-transaction-id",
                    "value": "<string>",
                    "description": "SIP callback transaction id"
                  },
                  {
                    "key": "X-KRIS-related-transaction-id",
                    "value": "<string>",
                    "description": "Related transaction id"
                  },
                  {
                    "key": "X-KRIS-operation",
                    "value": "<string>",
                    "description": "operation"
                  },
                  {
                    "key": "Content-Type",
                    "value": "application/json"
                  },
                  {
                    "key": "Accept",
                    "value": "text/plain"
                  },
                  {
                    "key": "Authorization",
                    "value": "<token>",
                    "description": "Added as a part of security scheme: oauth2"
                  }
                ],
                "body": {
                  "mode": "raw",
                  "raw": "{\n  \"response\": \"<string>\",\n  \"sipTransactionID\": \"<string>\",\n  \"consumingModuleTransactionId\": \"<string>\",\n  \"targetModuleTransactionId\": \"<string>\",\n  \"targetPayload\": \"<string>\",\n  \"targetPartnerID\": \"<string>\",\n  \"targetIntegrationID\": \"<string>\",\n  \"errorMessage\": [\n    {\n      \"type\": \"<string>\",\n      \"severity\": \"<string>\",\n      \"code\": \"<string>\",\n      \"description\": \"<string>\",\n      \"entity\": {\n        \"entity\": \"<string>\",\n        \"dataElement\": \"<string>\",\n        \"dataElementValue\": \"<string>\"\n      }\n    },\n    {\n      \"type\": \"<string>\",\n      \"severity\": \"<string>\",\n      \"code\": \"<string>\",\n      \"description\": \"<string>\",\n      \"entity\": {\n        \"entity\": \"<string>\",\n        \"dataElement\": \"<string>\",\n        \"dataElementValue\": \"<string>\"\n      }\n    }\n  ]\n}",
                  "options": {
                    "raw": {
                      "headerFamily": "json",
                      "language": "json"
                    }
                  }
                },
                "url": {
                  "raw": "{{baseUrl}}/event",
                  "host": [
                    "{{baseUrl}}"
                  ],
                  "path": [
                    "event"
                  ]
                }
              },
              "status": "Forbidden",
              "code": 403,
              "_postman_previewlanguage": "text",
              "header": [
                {
                  "key": "Content-Type",
                  "value": "text/plain"
                }
              ],
              "cookie": [],
              "body": "{\n  \"examples\": {\n    \"Authentication failed\": {\n      \"value\": \"Authentication failed\"\n    },\n    \"Authentication parameters missing\": {\n      \"value\": \"Authentication parameters missing\"\n    }\n  }\n}"
            },
            {
              "name": "Internal Service Error",
              "originalRequest": {
                "method": "POST",
                "header": [
                  {
                    "key": "X-KRIS-created-time",
                    "value": "6664-06-28 50:58:26",
                    "description": "(Required) created time"
                  },
                  {
                    "key": "X-KRIS-integration-id",
                    "value": "<string>",
                    "description": "integration ID"
                  },
                  {
                    "key": "X-KRIS-integration-name",
                    "value": "<string>",
                    "description": "integration name"
                  },
                  {
                    "key": "X-KRIS-module-transaction-id",
                    "value": "<string>",
                    "description": "(Required) module transaction id"
                  },
                  {
                    "key": "X-KRIS-partner-id",
                    "value": "<string>",
                    "description": "(Required) parnter id"
                  },
                  {
                    "key": "X-KRIS-partner-name",
                    "value": "<string>",
                    "description": "(Required) partner name"
                  },
                  {
                    "key": "X-KRIS-SIP-integration-id",
                    "value": "<string>",
                    "description": "SIP integration id"
                  },
                  {
                    "key": "X-KRIS-SIP-callback-transaction-id",
                    "value": "<string>",
                    "description": "SIP callback transaction id"
                  },
                  {
                    "key": "X-KRIS-related-transaction-id",
                    "value": "<string>",
                    "description": "Related transaction id"
                  },
                  {
                    "key": "X-KRIS-operation",
                    "value": "<string>",
                    "description": "operation"
                  },
                  {
                    "key": "Content-Type",
                    "value": "application/json"
                  },
                  {
                    "key": "Accept",
                    "value": "application/json"
                  },
                  {
                    "key": "Authorization",
                    "value": "<token>",
                    "description": "Added as a part of security scheme: oauth2"
                  }
                ],
                "body": {
                  "mode": "raw",
                  "raw": "{\n  \"response\": \"<string>\",\n  \"sipTransactionID\": \"<string>\",\n  \"consumingModuleTransactionId\": \"<string>\",\n  \"targetModuleTransactionId\": \"<string>\",\n  \"targetPayload\": \"<string>\",\n  \"targetPartnerID\": \"<string>\",\n  \"targetIntegrationID\": \"<string>\",\n  \"errorMessage\": [\n    {\n      \"type\": \"<string>\",\n      \"severity\": \"<string>\",\n      \"code\": \"<string>\",\n      \"description\": \"<string>\",\n      \"entity\": {\n        \"entity\": \"<string>\",\n        \"dataElement\": \"<string>\",\n        \"dataElementValue\": \"<string>\"\n      }\n    },\n    {\n      \"type\": \"<string>\",\n      \"severity\": \"<string>\",\n      \"code\": \"<string>\",\n      \"description\": \"<string>\",\n      \"entity\": {\n        \"entity\": \"<string>\",\n        \"dataElement\": \"<string>\",\n        \"dataElementValue\": \"<string>\"\n      }\n    }\n  ]\n}",
                  "options": {
                    "raw": {
                      "headerFamily": "json",
                      "language": "json"
                    }
                  }
                },
                "url": {
                  "raw": "{{baseUrl}}/event",
                  "host": [
                    "{{baseUrl}}"
                  ],
                  "path": [
                    "event"
                  ]
                }
              },
              "status": "Internal Server Error",
              "code": 500,
              "_postman_previewlanguage": "json",
              "header": [
                {
                  "key": "Content-Type",
                  "value": "application/json"
                }
              ],
              "cookie": [],
              "body": "{\n  \"responseMessage\": {\n    \"response\": \"<string>\",\n    \"status\": \"<string>\",\n    \"transactionID\": \"<string>\",\n    \"errorMessage\": [\n      {\n        \"type\": \"<string>\",\n        \"severity\": \"<string>\",\n        \"code\": \"<string>\",\n        \"description\": \"<string>\",\n        \"entity\": {\n          \"entity\": \"<string>\",\n          \"dataElement\": \"<string>\",\n          \"dataElementValue\": \"<string>\"\n        }\n      },\n      {\n        \"type\": \"<string>\",\n        \"severity\": \"<string>\",\n        \"code\": \"<string>\",\n        \"description\": \"<string>\",\n        \"entity\": {\n          \"entity\": \"<string>\",\n          \"dataElement\": \"<string>\",\n          \"dataElementValue\": \"<string>\"\n        }\n      }\n    ]\n  }\n}"
            },
            {
              "name": "Send a callback event",
              "originalRequest": {
                "method": "POST",
                "header": [
                  {
                    "key": "Authorization",
                    "value": "Bearer {{ACCESS_TOKEN}}",
                    "type": "text"
                  },
                  {
                    "key": "X-KRIS-created-time",
                    "value": "2025-05-28 05:05:50",
                    "type": "text"
                  },
                  {
                    "key": "X-KRIS-integration-id",
                    "value": "NM040102",
                    "type": "text"
                  },
                  {
                    "key": "X-KRIS-integration-name",
                    "value": "Create Prior Authorization",
                    "type": "text"
                  },
                  {
                    "key": "X-KRIS-module-transaction-id",
                    "value": "{{$randomUUID}}",
                    "type": "text"
                  },
                  {
                    "key": "X-KRIS-partner-id",
                    "value": "INT40004",
                    "type": "text"
                  },
                  {
                    "key": "X-KRIS-partner-name",
                    "value": "Department of Health ACRO",
                    "type": "text"
                  },
                  {
                    "key": "X-KRIS-SIP-integration-id",
                    "value": "FS",
                    "type": "text",
                    "disabled": true
                  },
                  {
                    "key": "X-KRIS-SIP-callback-transaction-iD",
                    "value": "8983-893-23483-224-233",
                    "type": "text",
                    "disabled": true
                  }
                ],
                "body": {
                  "mode": "raw",
                  "raw": "{\n    \"response\": \"Error occurred processing record\",\n    \"targetPartnerID\": \"MOD01006\",\n    \"sipTransactionID\": \"02cd0a63-e010-4f74-ad6a-4a0840d3641c\",\n    \"targetIntegrationID\": \"NM000602\",\n    \"targetModuleTransactionId\": \"02cd0a63-e010-4f74-ad6a-4a0840d3641c\",\n    \"consumingModuleTransactionId\": \"NM2025040311061179460\",\n    // \"targetIntegrationID\": \"NM040102\",\n    \"targetPayload\": \"{\\\"member\\\":{\\\"name\\\":[{\\\"lastName\\\":\\\"HERNANDEZ VALVERDE\\\",\\\"nameType\\\":\\\"Curr\\\",\\\"firstName\\\":\\\"JOSE\\\"}],\\\"race\\\":\\\"9\\\",\\\"gender\\\":\\\"M\\\",\\\"memberID\\\":\\\"1111111111\\\",\\\"pcp_extn\\\":[{\\\"npi_extn\\\":\\\"1\\\",\\\"assignedEffectiveDate_extn\\\":\\\"2024-11-01\\\"}],\\\"Disability\\\":[{\\\"DisabilityType\\\":\\\"OT\\\",\\\"DisabilityEndDate\\\":\\\"2025-02-14\\\",\\\"DisabilityBeginDate\\\":\\\"2025-03-17\\\",\\\"DisabilityVoidIndicator\\\":\\\"\\\",\\\"DisabilitySequenceNumber_extn\\\":1}],\\\"mcoID_extn\\\":\\\"000M1808\\\",\\\"dateOfBirth\\\":\\\"1949-06-07\\\",\\\"LongTermCare\\\":[{\\\"LTCEndDate\\\":\\\"\\\",\\\"LTCBeginDate\\\":\\\"129-12-2\\\",\\\"LTCLevelOfCare\\\":\\\"AR3\\\",\\\"ReviewType_extn\\\":\\\"C\\\",\\\"LTCVoidIndicator\\\":\\\"\\\",\\\"LTCSequenceNumber\\\":8,\\\"LTCSettingID_extn\\\":\\\"\\\",\\\"LTCLastAssessmentDate\\\":\\\"2\\\"}],\\\"HealthHome_extn\\\":[{\\\"HealthHomeCode_extn\\\":\\\"a\\\",\\\"HealthHomeEndDate_extn\\\":\\\"2025-03-10\\\",\\\"HealthHomeBeginDate_extn\\\":\\\"2025-03-17\\\",\\\"HealthHomeProviderID_extn\\\":\\\"\\\",\\\"HealthHomeVoidIndicator_extn\\\":\\\"\\\",\\\"HealthHomeSequenceNumber_extn\\\":1}],\\\"careCoordination\\\":[{\\\"careCoordinationLevel\\\":\\\"5\\\",\\\"careCoordinationEndDate\\\":\\\"2024-10-22\\\",\\\"careCoordinationBeginDate\\\":\\\"2024-10-24\\\",\\\"careCoordinationVoidIndicator\\\":\\\"Y\\\",\\\"careCoordinationAssessmentType\\\":\\\"C\\\",\\\"careCoordinationSequenceNumber\\\":1,\\\"careCoordinationLastAssessmentDate\\\":\\\"2024-12-17\\\"}],\\\"LTCPatientLiability\\\":[{\\\"LTCPatientLiabilityAmount\\\":1,\\\"LTCPatientLiabilityEndDate\\\":\\\"\\\",\\\"LTCPatientLiabilityBeginDate\\\":\\\"\\\",\\\"LTCPatientLiabilitySequenceNumber\\\":1}]}}\",\n    \"errorMessage\": [\n        [\n         {\n            \"code\": \"0-1005\",\n            \"type\": \"Business\",\n            \"entity\": {\n                \"entity\": \"\",\n                \"dataElement\": \"\",\n                \"dataElementValue\": \"not available\"\n            },\n            \"severity\": \"Critical\",\n            \"description\": \"The Requesting Provider ID number was not found.\"\n        }\n    ]\n    ]\n}\n\n\n// \"payload\": {\n//     \"response\": \"Level2 Validation Failed\",\n//     \"errorMessage\": [\n        // {\n        //     \"code\": \"0-1005\",\n        //     \"type\": \"Business\",\n        //     \"entity\": {\n        //         \"entity\": \"\",\n        //         \"dataElement\": \"\",\n        //         \"dataElementValue\": \"not available\"\n        //     },\n        //     \"severity\": \"Critical\",\n        //     \"description\": \"The Requesting Provider ID number was not found.\"\n        // },\n//         {\n//             \"code\": \"0-1007\",\n//             \"type\": \"Business\",\n//             \"entity\": {\n//                 \"entity\": \"\",\n//                 \"dataElement\": \"\",\n//                 \"dataElementValue\": \"not available\"\n//             },\n//             \"severity\": \"Critical\",\n//             \"description\": \"The Member ID number was not found.\"\n//         },\n//         {\n//             \"code\": \"0-1002\",\n//             \"type\": \"Business\",\n//             \"entity\": {\n//                 \"entity\": \"\",\n//                 \"dataElement\": \"\",\n//                 \"dataElementValue\": \"not available\"\n//             },\n//             \"severity\": \"Critical\",\n//             \"description\": \"A Service Authorization must have at least one line item.\"\n//         },\n//         {\n//             \"code\": \"0-1074\",\n//             \"type\": \"Business\",\n//             \"entity\": {\n//                 \"entity\": \"\",\n//                 \"dataElement\": \"\",\n//                 \"dataElementValue\": \"not available\"\n//             },\n//             \"severity\": \"Critical\",\n//             \"description\": \"The Service Authorization Header Status cannot be set to Approved because there are exceptions on the Header.\"\n//         }\n//     ],\n//     \"targetPayload\": \"{\\\"priorAuthorization\\\":{\\\"PALine\\\":[{\\\"PALineNumber\\\":1,\\\"Descriptor_extn\\\":\\\"\\\"}],\\\"PAType\\\":\\\"C\\\",\\\"memberID\\\":\\\"25050170\\\",\\\"PAEndDate\\\":\\\"2025-05-28\\\",\\\"PAProvider\\\":[{\\\"PALineNumber\\\":1,\\\"providerIdentifier\\\":\\\"00062246\\\",\\\"providerSequenceNumber\\\":1}],\\\"PAIdentifier\\\":\\\"202504005578\\\",\\\"PAEffectiveDate\\\":\\\"2025-05-28\\\",\\\"PASubmissionDate\\\":\\\"2025-05-28T09:20:18-04:00\\\"}}\",\n//     \"targetPartnerID\": \"MOD01006\",\n//     \"sipTransactionID\": \"8e6d4f23-8824-4bf8-bab7-bb3710373281\",\n//     \"targetIntegrationID\": \"NM040102\",\n//     \"targetModuleTransactionId\": \"8e6d4f23-8824-4bf8-bab7-bb3710373281\",\n//     \"consumingModuleTransactionId\": \"ACRO-052820259bea8ad29a9e4f30b9b\"\n// },\n// \"dateTime\": \"2025-05-28 13:21:11.356\"\n// ",
                  "options": {
                    "raw": {
                      "headerFamily": "json",
                      "language": "json"
                    }
                  }
                },
                "url": {
                  "raw": "https://sit.api.sip.mmis.hsd.nm.gov/sip/shared-services/callback/v1/event",
                  "protocol": "https",
                  "host": [
                    "sit",
                    "api",
                    "sip",
                    "mmis",
                    "hsd",
                    "nm",
                    "gov"
                  ],
                  "path": [
                    "sip",
                    "shared-services",
                    "callback",
                    "v1",
                    "event"
                  ]
                }
              },
              "status": "Bad Request",
              "code": 400,
              "_postman_previewlanguage": "json",
              "header": [
                {
                  "key": "Date",
                  "value": "Thu, 29 May 2025 17:16:01 GMT"
                },
                {
                  "key": "Content-Type",
                  "value": "application/json;charset=UTF-8"
                },
                {
                  "key": "Content-Length",
                  "value": "0"
                },
                {
                  "key": "Connection",
                  "value": "keep-alive"
                },
                {
                  "key": "Set-Cookie",
                  "value": "AWSALB=Ggiy3QCbFJ5vybp3VnQ0D5lRC0n6r+pR/3Xviv3YcKJQMKj7bkskXFPysflv+NJbaoHoPFMz5so1tU73S38CrtX3lReFEfx+i43pcTbrDKP0otNa8Dtpu7dKDpmA; Expires=Thu, 05 Jun 2025 17:16:01 GMT; Path=/"
                },
                {
                  "key": "Set-Cookie",
                  "value": "AWSALBCORS=Ggiy3QCbFJ5vybp3VnQ0D5lRC0n6r+pR/3Xviv3YcKJQMKj7bkskXFPysflv+NJbaoHoPFMz5so1tU73S38CrtX3lReFEfx+i43pcTbrDKP0otNa8Dtpu7dKDpmA; Expires=Thu, 05 Jun 2025 17:16:01 GMT; Path=/; SameSite=None; Secure"
                },
                {
                  "key": "server",
                  "value": "openresty"
                }
              ],
              "cookie": [],
              "body": ""
            }
          ]
        }
      ]
    }
  ],
  "auth": {
    "type": "oauth2",
    "oauth2": [
      {
        "key": "accessTokenUrl",
        "value": "https://api.example.com/oauth2/authorize",
        "type": "string"
      },
      {
        "key": "grant_type",
        "value": "client_credentials",
        "type": "string"
      }
    ]
  },
  "event": [
    {
      "listen": "prerequest",
      "script": {
        "type": "text/javascript",
        "requests": {},
        "exec": [
          "const postRequest = {",
          "  url: pm.collectionVariables.get(\"access_token_url\"),",
          "  method: 'POST',",
          "  timeout: 0,",
          "  header: {",
          "    \"Content-Type\": \"application/x-www-form-urlencoded\"",
          "  },",
          "  body: {",
          "    mode: 'urlencoded',",
          "      urlencoded: [          ",
          "        {key: \"grant_type\", value: \"client_credentials\"},",
          "        {key:\"client_id\", value: pm.collectionVariables.get(\"client_id\")},",
          "        {key:\"client_secret\", value: pm.collectionVariables.get(\"client_secret\")},",
          "    ]}",
          "};",
          "pm.sendRequest(postRequest, function (err, res) {",
          "    var responseJson = res.json();",
          "    console.log(responseJson);",
          "    pm.environment.set('ACCESS_TOKEN', responseJson['access_token']);",
          "});"
        ]
      }
    },
    {
      "listen": "test",
      "script": {
        "type": "text/javascript",
        "requests": {},
        "exec": [
          ""
        ]
      }
    }
  ],
  "variable": [
    {
      "key": "baseUrl",
      "value": "/",
      "disabled": true
    },
    {
      "key": "baseUrlLocal",
      "value": "http://localhost:8085",
      "disabled": true
    },
    {
      "key": "baseUrlSITINGRESS",
      "value": "https://sit-svc-nm-callback-ingress-rt-route1-prod-dit-med-common.apps.np.krisnmhsd.com",
      "disabled": true
    },
    {
      "key": "client_id",
      "value": "dd6bbb87"
    },
    {
      "key": "client_secret",
      "value": "090ef9afb950d2b15975e47e15ae2a8e"
    },
    {
      "key": "baseUrlDIT3Scale",
      "value": "{{nm_mit_url}}/sip/shared-services/callbackv1",
      "disabled": true
    },
    {
      "key": "access_token_url",
      "value": "https://sit.api-sso.sip.mmis.hsd.nm.gov/auth/realms/sit/protocol/openid-connect/token"
    },
    {
      "key": "ACCESS_TOKEN",
      "value": ""
    }
  ]
}